[
  {
    "id": "bc4cd1a1-4f0e-4e39-9960-e6b1cfe388db",
    "auth0Id": "auth0|619517c51b1a2e00690365af",
    "emailAddress": "ivor@devpie.io",
    "firstName": "Ivor",
    "middleName": "Scott",
    "lastName": "Cummings",
    "phoneNumber": "9083971266",
    "birthDate": "1989-11-01T00:00:00Z",
    "hireDate": "2018-09-01T00:00:00Z",
    "picture": "example.com/image/a2s345g23d",
    "language": "english",
    "country": "united states of america",
    "city": "Basking Ridge",
    "zipcode": "07920",
    "salary": 160000,
    "position": "Senior Software Engineer",
    "emergencyContactName": null,
    "emergencyContactEmail": null,
    "emergencyContactPhone": null,
    "deleted": false,
    "updatedAt": "2021-12-30T06:46:51Z",
    "createdAt": "2018-09-01T23:59:59Z"
  },
  {
    "id": "35d27bb4-c39e-4c10-9a64-aabc2490ec4d",
    "auth0Id": "auth0|61cb8be92bb93500699c27c4",
    "emailAddress": "people@devpie.io",
    "firstName": "Pe",
    "middleName": null,
    "lastName": "Ople",
    "phoneNumber": "15144558913",
    "birthDate": "1984-02-01T00:00:00Z",
    "hireDate": "2020-04-01T00:00:00Z",
    "picture": "example.com/image/b34c58g92h",
    "language": "german",
    "country": "germany",
    "city": "Berlin",
    "zipcode": "12049",
    "salary": 67000,
    "position": "Software Engineer",
    "emergencyContactName": null,
    "emergencyContactEmail": null,
    "emergencyContactPhone": null,
    "deleted": false,
    "updatedAt": "2021-12-30T06:46:51Z",
    "createdAt": "2020-04-01T23:59:59Z"
  }
]
